Archive member included to satisfy reference by file (symbol)

/Users/fukuno/bin/gcc-arm-none-eabi-7-2018-q2-update/bin/../lib/gcc/arm-none-eabi/7.3.1/thumb/v6-m/libgcc.a(_thumb1_case_uqi.o)
                              obj/value.o (__gnu_thumb1_case_uqi)
/Users/fukuno/bin/gcc-arm-none-eabi-7-2018-q2-update/bin/../lib/gcc/arm-none-eabi/7.3.1/thumb/v6-m/libgcc.a(_thumb1_case_uhi.o)
                              obj/vm.o (__gnu_thumb1_case_uhi)
/Users/fukuno/bin/gcc-arm-none-eabi-7-2018-q2-update/bin/../lib/gcc/arm-none-eabi/7.3.1/thumb/v6-m/libgcc.a(_divsi3.o)
                              obj/vm.o (__aeabi_idiv)
/Users/fukuno/bin/gcc-arm-none-eabi-7-2018-q2-update/bin/../lib/gcc/arm-none-eabi/7.3.1/thumb/v6-m/libgcc.a(_dvmd_tls.o)
                              /Users/fukuno/bin/gcc-arm-none-eabi-7-2018-q2-update/bin/../lib/gcc/arm-none-eabi/7.3.1/thumb/v6-m/libgcc.a(_divsi3.o) (__aeabi_idiv0)

Allocating common symbols
Common symbol       size              file

mrbc_class_proc     0x4               obj/class.o
mrbc_class_true     0x4               obj/class.o
mm_mem              0x400             obj/memman.o
mm_use              0x40              obj/memman.o
mrbc_class_string   0x4               obj/class.o
mrbc_class_false    0x4               obj/class.o
mrbc_class_array    0x4               obj/class.o
mrbc_class_symbol   0x4               obj/class.o
mrbc_class_object   0x4               obj/class.o
mrbc_class_nil      0x4               obj/class.o
mrbc_class_fixnum   0x4               obj/class.o
mrbc_class_range    0x4               obj/class.o
mrbc_class_arduino  0x4               obj/ext_arduino.o

Discarded input sections

 .text          0x0000000000000000        0x0 obj/main.o
 .data          0x0000000000000000        0x0 obj/main.o
 .bss           0x0000000000000000        0x0 obj/main.o
 .text          0x0000000000000000        0x0 obj/startup1100.o
 .data          0x0000000000000000        0x0 obj/startup1100.o
 .bss           0x0000000000000000        0x0 obj/startup1100.o
 .text          0x0000000000000000        0x0 obj/alloc.o
 .data          0x0000000000000000        0x0 obj/alloc.o
 .bss           0x0000000000000000        0x0 obj/alloc.o
 .text.mrbc_realloc
                0x0000000000000000        0xc obj/alloc.o
 .text.mrbc_free
                0x0000000000000000        0xa obj/alloc.o
 .text          0x0000000000000000        0x0 obj/c_object.o
 .data          0x0000000000000000        0x0 obj/c_object.o
 .bss           0x0000000000000000        0x0 obj/c_object.o
 .text.c_object_new
                0x0000000000000000        0x2 obj/c_object.o
 .text          0x0000000000000000        0x0 obj/debug.o
 .data          0x0000000000000000        0x0 obj/debug.o
 .bss           0x0000000000000000        0x0 obj/debug.o
 .text.output_string
                0x0000000000000000        0x2 obj/debug.o
 .debug_info    0x0000000000000000       0x80 obj/debug.o
 .debug_abbrev  0x0000000000000000       0x5e obj/debug.o
 .debug_aranges
                0x0000000000000000       0x20 obj/debug.o
 .debug_ranges  0x0000000000000000       0x10 obj/debug.o
 .debug_line    0x0000000000000000       0x4b obj/debug.o
 .debug_str     0x0000000000000000      0x17d obj/debug.o
 .comment       0x0000000000000000       0x80 obj/debug.o
 .debug_frame   0x0000000000000000       0x20 obj/debug.o
 .ARM.attributes
                0x0000000000000000       0x31 obj/debug.o
 .text          0x0000000000000000        0x0 obj/hal.o
 .data          0x0000000000000000        0x0 obj/hal.o
 .bss           0x0000000000000000        0x0 obj/hal.o
 .text.hal_delay
                0x0000000000000000        0x2 obj/hal.o
 .text          0x0000000000000000        0x0 obj/value.o
 .data          0x0000000000000000        0x0 obj/value.o
 .bss           0x0000000000000000        0x0 obj/value.o
 .text.mrbc_obj_alloc
                0x0000000000000000       0x12 obj/value.o
 .text.mrbc_dec_ref_counter
                0x0000000000000000        0x2 obj/value.o
 .text.mrbc_atoi
                0x0000000000000000       0x56 obj/value.o
 .text.mrbc_irep_alloc
                0x0000000000000000       0x18 obj/value.o
 .text.mrbc_irep_free
                0x0000000000000000        0x2 obj/value.o
 .text.mrbc_instance_new
                0x0000000000000000       0x36 obj/value.o
 .text.mrbc_instance_delete
                0x0000000000000000        0xa obj/value.o
 .text.mrbc_instance_setiv
                0x0000000000000000        0x2 obj/value.o
 .text.mrbc_instance_getiv
                0x0000000000000000        0x2 obj/value.o
 .text          0x0000000000000000        0x0 obj/avr_access.o
 .data          0x0000000000000000        0x0 obj/avr_access.o
 .bss           0x0000000000000000        0x0 obj/avr_access.o
 .rodata.mmruby_code_irep_table
                0x0000000000000000        0x4 obj/avr_access.o
 .rodata.mmruby_code_proc_table_size
                0x0000000000000000        0x1 obj/avr_access.o
[...]
Memory Configuration

Name             Origin             Length             Attributes
ROM              0x0000000000000000 0x0000000000008000 xr
RAM              0x0000000010000000 0x0000000000001000 w
*default*        0x0000000000000000 0xffffffffffffffff

Linker script and memory map

LOAD obj/main.o
LOAD obj/startup1100.o
LOAD obj/alloc.o
LOAD obj/c_object.o
LOAD obj/debug.o
LOAD obj/hal.o
LOAD obj/value.o
LOAD obj/avr_access.o
LOAD obj/c_string.o
LOAD obj/ext_arduino.o
LOAD obj/vm.o
LOAD obj/c_common.o
LOAD obj/class.o
LOAD obj/ext_rgb_lcd.o
LOAD obj/mmruby.o
LOAD obj/c_fixnum.o
LOAD obj/console.o
LOAD obj/global.o
LOAD obj/symbol.o
LOAD obj/memman.o
LOAD obj/string_mini.o
LOAD obj/ext.o
LOAD /Users/fukuno/bin/gcc-arm-none-eabi-7-2018-q2-update/bin/../lib/gcc/arm-none-eabi/7.3.1/../../../../arm-none-eabi/lib/thumb/v6-m/libc.a
LOAD /Users/fukuno/bin/gcc-arm-none-eabi-7-2018-q2-update/bin/../lib/gcc/arm-none-eabi/7.3.1/thumb/v6-m/libgcc.a
START GROUP
LOAD /Users/fukuno/bin/gcc-arm-none-eabi-7-2018-q2-update/bin/../lib/gcc/arm-none-eabi/7.3.1/thumb/v6-m/libgcc.a
LOAD /Users/fukuno/bin/gcc-arm-none-eabi-7-2018-q2-update/bin/../lib/gcc/arm-none-eabi/7.3.1/../../../../arm-none-eabi/lib/thumb/v6-m/libg.a
LOAD /Users/fukuno/bin/gcc-arm-none-eabi-7-2018-q2-update/bin/../lib/gcc/arm-none-eabi/7.3.1/../../../../arm-none-eabi/lib/thumb/v6-m/libc.a
END GROUP
                0x0000000000000000                _startof_flash = ORIGIN (ROM)
                0x0000000000008000                _endof_flash = (ORIGIN (ROM) + LENGTH (ROM))
                0x0000000010000000                _startof_sram = ORIGIN (RAM)
                0x0000000010001000                _endof_sram = (ORIGIN (RAM) + LENGTH (RAM))

.text           0x0000000000000000     0x1f67
 *(.VECTOR)
 .VECTOR        0x0000000000000000       0xc0 obj/startup1100.o
                0x0000000000000000                vector
 *(.text .text.*)
 .text.startup.main
                0x00000000000000c0       0x10 obj/main.o
                0x00000000000000c0                main
 .text.Exception_Trap
                0x00000000000000d0       0x10 obj/startup1100.o
                0x00000000000000d0                PendSV_Handler
                0x00000000000000d0                NMI_Handler
                0x00000000000000d0                Exception_Trap
                0x00000000000000d0                SVC_Handler
                0x00000000000000d0                HardFault_Hander
 .text.IRQ_Trap
                0x00000000000000e0       0x10 obj/startup1100.o
                0x00000000000000e0                PIO0_9_IRQHandler
                0x00000000000000e0                PIO0_11_IRQHandler
                0x00000000000000e0                CT16B0_IRQHandler
                0x00000000000000e0                PIO_3_IRQHandler
                0x00000000000000e0                PIO0_8_IRQHandler
                0x00000000000000e0                CT16B1_IRQHandler
                0x00000000000000e0                PIO0_4_IRQHandler
                0x00000000000000e0                SPI1_IRQHandler
                0x00000000000000e0                PIO_2_IRQHandler
                0x00000000000000e0                PIO0_6_IRQHandler
                0x00000000000000e0                PIO0_5_IRQHandler
                0x00000000000000e0                CT32B1_IRQHandler
                0x00000000000000e0                PIO0_1_IRQHandler
                0x00000000000000e0                ADC_IRQHandler
                0x00000000000000e0                PIO0_3_IRQHandler
                0x00000000000000e0                PIO1_0_IRQHandler
                0x00000000000000e0                BOD_IRQHandler
                0x00000000000000e0                PIO_0_IRQHandler
                0x00000000000000e0                PIO_1_IRQHandler
                0x00000000000000e0                I2C_IRQHandler
                0x00000000000000e0                WDT_IRQHandler
                0x00000000000000e0                PIO0_10_IRQHandler
                0x00000000000000e0                PIO0_7_IRQHandler
                0x00000000000000e0                IRQ_Trap
                0x00000000000000e0                CT32B0_IRQHandler
                0x00000000000000e0                PIO0_0_IRQHandler
                0x00000000000000e0                C_CAN_IRQHandler
                0x00000000000000e0                PIO0_2_IRQHandler
                0x00000000000000e0                SPI0_IRQHandler
                0x00000000000000e0                UART_IRQHandler
 .text.Reset_Handler
                0x00000000000000f0       0xcc obj/startup1100.o
                0x00000000000000f0                Reset_Handler
 .text.mrbc_alloc
                0x00000000000001bc        0xa obj/alloc.o
                0x00000000000001bc                mrbc_alloc
 .text.mrbc_raw_alloc
                0x00000000000001c6        0x8 obj/alloc.o
                0x00000000000001c6                mrbc_raw_alloc
 .text.mrbc_raw_realloc
                0x00000000000001ce        0x8 obj/alloc.o
                0x00000000000001ce                mrbc_raw_realloc
 .text.mrbc_raw_free
                0x00000000000001d6        0x8 obj/alloc.o
                0x00000000000001d6                mrbc_raw_free
 .text.c_object_getiv
                0x00000000000001de        0x2 obj/c_object.o
                0x00000000000001de                c_object_getiv
 .text.c_object_setiv
                0x00000000000001e0        0x2 obj/c_object.o
                0x00000000000001e0                c_object_setiv
 *fill*         0x00000000000001e2        0x2 
 .text.mrbc_puts_sub
                0x00000000000001e4       0x4c obj/c_object.o
                0x00000000000001e4                mrbc_puts_sub
 .text.c_puts   0x0000000000000230       0x2e obj/c_object.o
                0x0000000000000230                c_puts
 .text.c_object_not
                0x000000000000025e       0x10 obj/c_object.o
                0x000000000000025e                c_object_not
 .text.c_object_neq
                0x000000000000026e       0x26 obj/c_object.o
                0x000000000000026e                c_object_neq
 .text.c_object_compare
                0x0000000000000294       0x1c obj/c_object.o
                0x0000000000000294                c_object_compare
 .text.c_object_class
                0x00000000000002b0       0x26 obj/c_object.o
                0x00000000000002b0                c_object_class
 *fill*         0x00000000000002d6        0x2 
 .text.c_object_attr_reader
                0x00000000000002d8       0x30 obj/c_object.o
                0x00000000000002d8                c_object_attr_reader
 .text.c_object_attr_accessor
                0x0000000000000308       0x7c obj/c_object.o
                0x0000000000000308                c_object_attr_accessor
 .text.c_object_to_s
                0x0000000000000384       0x80 obj/c_object.o
                0x0000000000000384                c_object_to_s
 .text.mrbc_init_class_object
                0x0000000000000404       0x14 obj/c_object.o
                0x0000000000000404                mrbc_init_class_object
 .text.c_object_cls
                0x0000000000000418        0x2 obj/c_object.o
                0x0000000000000418                c_object_cls
 .text.c_object_lc
                0x000000000000041a        0x2 obj/c_object.o
                0x000000000000041a                c_object_lc
 .text.c_object_scr
                0x000000000000041c       0x14 obj/c_object.o
                0x000000000000041c                c_object_scr
 .text.c_object_print
                0x0000000000000430        0x2 obj/c_object.o
                0x0000000000000430                c_object_print
 .text.c_object_rnd
                0x0000000000000432       0x14 obj/c_object.o
                0x0000000000000432                c_object_rnd
 .text.c_object_inkey
                0x0000000000000446       0x14 obj/c_object.o
                0x0000000000000446                c_object_inkey
 .text.c_object_wait
                0x000000000000045a        0xc obj/c_object.o
                0x000000000000045a                c_object_wait
 .text.c_object_led
                0x0000000000000466        0xc obj/c_object.o
                0x0000000000000466                c_object_led
 .text.c_object_btn
                0x0000000000000472       0x16 obj/c_object.o
                0x0000000000000472                c_object_btn
 .text.c_object_out
                0x0000000000000488        0x2 obj/c_object.o
                0x0000000000000488                c_object_out
 .text.c_object_in
                0x000000000000048a       0x14 obj/c_object.o
                0x000000000000048a                c_object_in
 .text.c_object_pwm
                0x000000000000049e        0x2 obj/c_object.o
                0x000000000000049e                c_object_pwm
 .text.c_object_ana
                0x00000000000004a0       0x14 obj/c_object.o
                0x00000000000004a0                c_object_ana
 .text.init_hal
                0x00000000000004b4        0x2 obj/hal.o
                0x00000000000004b4                init_hal
 .text.hal_write_string
                0x00000000000004b6        0x2 obj/hal.o
                0x00000000000004b6                hal_write_string
 .text.hal_write
                0x00000000000004b8       0x10 obj/hal.o
                0x00000000000004b8                hal_write
 .text.mrbc_rproc_alloc
                0x00000000000004c8       0x22 obj/value.o
                0x00000000000004c8                mrbc_rproc_alloc
 .text.mrbc_compare
                0x00000000000004ea       0x7e obj/value.o
                0x00000000000004ea                mrbc_compare
 .text.mrbc_dup
                0x0000000000000568       0x12 obj/value.o
                0x0000000000000568                mrbc_dup
 .text.mrbc_release
                0x000000000000057a        0x6 obj/value.o
                0x000000000000057a                mrbc_release
 .text.find_c_funcs_by_no
                0x0000000000000580       0x18 obj/avr_access.o
                0x0000000000000580                find_c_funcs_by_no
 .text.read_bytecode
                0x0000000000000598       0x10 obj/avr_access.o
                0x0000000000000598                read_bytecode
 .text.get_irep_pool
                0x00000000000005a8        0x2 obj/avr_access.o
                0x00000000000005a8                get_irep_pool
 *fill*         0x00000000000005aa        0x2 
 .text.get_irep_irep_id
                0x00000000000005ac       0x10 obj/avr_access.o
                0x00000000000005ac                get_irep_irep_id
 .text.get_irep_symbol_id
                0x00000000000005bc       0x10 obj/avr_access.o
                0x00000000000005bc                get_irep_symbol_id
 .text.get_max_static_symbol_id
                0x00000000000005cc        0x4 obj/avr_access.o
                0x00000000000005cc                get_max_static_symbol_id
 .text.search_index_static
                0x00000000000005d0       0x30 obj/avr_access.o
                0x00000000000005d0                search_index_static
 .text.copy_symbol_str
                0x0000000000000600       0x1c obj/avr_access.o
                0x0000000000000600                copy_symbol_str
 .text.find_func_no_by_sym_id
                0x000000000000061c       0x1c obj/avr_access.o
                0x000000000000061c                find_func_no_by_sym_id
 .text.find_c_funcs
                0x0000000000000638        0xa obj/avr_access.o
                0x0000000000000638                find_c_funcs
 *fill*         0x0000000000000642        0x2 
 .text.find_static_procs
                0x0000000000000644       0x70 obj/avr_access.o
                0x0000000000000644                find_static_procs
 .text.mrbc_string_new
                0x00000000000006b4       0x5e obj/c_string.o
                0x00000000000006b4                mrbc_string_new
 .text.mrbc_string_new_cstr
                0x0000000000000712       0x20 obj/c_string.o
                0x0000000000000712                mrbc_string_new_cstr
 .text.mrbc_string_add
                0x0000000000000732       0x38 obj/c_string.o
                0x0000000000000732                mrbc_string_add
 *fill*         0x000000000000076a        0x2 
 .text.mrbc_init_class_string
                0x000000000000076c       0x1c obj/c_string.o
                0x000000000000076c                mrbc_init_class_string
 .text.init_vm  0x0000000000000788       0x4c obj/vm.o
                0x0000000000000788                init_vm
 .text.mrbc_push_callinfo
                0x00000000000007d4       0x30 obj/vm.o
                0x00000000000007d4                mrbc_push_callinfo
 .text.op_send.constprop.47
                0x0000000000000804       0xc8 obj/vm.o
 .text.run_vm   0x00000000000008cc      0x748 obj/vm.o
                0x00000000000008cc                run_vm
 .text.c_proc_call
                0x0000000000001014       0x1c obj/c_common.o
                0x0000000000001014                c_proc_call
 .text.c_proc_to_s
                0x0000000000001030       0x60 obj/c_common.o
                0x0000000000001030                c_proc_to_s
 .text.c_nil_to_s
                0x0000000000001090       0x16 obj/c_common.o
                0x0000000000001090                c_nil_to_s
 *fill*         0x00000000000010a6        0x2 
 .text.c_false_to_s
                0x00000000000010a8       0x18 obj/c_common.o
                0x00000000000010a8                c_false_to_s
 .text.c_true_to_s
                0x00000000000010c0       0x18 obj/c_common.o
                0x00000000000010c0                c_true_to_s
 .text.mrbc_init_class_proc
                0x00000000000010d8       0x14 obj/c_common.o
                0x00000000000010d8                mrbc_init_class_proc
 .text.mrbc_init_class_nil
                0x00000000000010ec       0x14 obj/c_common.o
                0x00000000000010ec                mrbc_init_class_nil
 .text.mrbc_init_class_false
                0x0000000000001100       0x14 obj/c_common.o
                0x0000000000001100                mrbc_init_class_false
 .text.mrbc_init_class_true
                0x0000000000001114       0x14 obj/c_common.o
                0x0000000000001114                mrbc_init_class_true
 .text.c_ineffect
                0x0000000000001128        0x2 obj/class.o
                0x0000000000001128                c_ineffect
 *fill*         0x000000000000112a        0x2 
 .text.find_class_by_object
                0x000000000000112c       0x84 obj/class.o
                0x000000000000112c                find_class_by_object
 .text.find_method
                0x00000000000011b0       0x38 obj/class.o
                0x00000000000011b0                find_method
 .text.mrbc_define_class
                0x00000000000011e8       0x50 obj/class.o
                0x00000000000011e8                mrbc_define_class
 .text.mrbc_define_method
                0x0000000000001238       0x1e obj/class.o
                0x0000000000001238                mrbc_define_method
 .text.mrbc_init_class
                0x0000000000001256       0x24 obj/class.o
                0x0000000000001256                mrbc_init_class
 .text.mmruby_setup
                0x000000000000127a       0x14 obj/mmruby.o
                0x000000000000127a                mmruby_setup
 .text.mmruby_run
                0x000000000000128e        0x8 obj/mmruby.o
                0x000000000000128e                mmruby_run
 .text.c_fixnum_bitref
                0x0000000000001296       0x30 obj/c_fixnum.o
                0x0000000000001296                c_fixnum_bitref
 .text.c_fixnum_negative
                0x00000000000012c6       0x18 obj/c_fixnum.o
                0x00000000000012c6                c_fixnum_negative
 .text.c_fixnum_power
                0x00000000000012de       0x32 obj/c_fixnum.o
                0x00000000000012de                c_fixnum_power
 .text.c_fixnum_mod
                0x0000000000001310       0x20 obj/c_fixnum.o
                0x0000000000001310                c_fixnum_mod
 .text.c_fixnum_and
                0x0000000000001330       0x1a obj/c_fixnum.o
                0x0000000000001330                c_fixnum_and
 .text.c_fixnum_or
                0x000000000000134a       0x1a obj/c_fixnum.o
                0x000000000000134a                c_fixnum_or
 .text.c_fixnum_xor
                0x0000000000001364       0x1a obj/c_fixnum.o
                0x0000000000001364                c_fixnum_xor
 .text.c_fixnum_not
                0x000000000000137e       0x18 obj/c_fixnum.o
                0x000000000000137e                c_fixnum_not
 .text.c_fixnum_lshift
                0x0000000000001396       0x36 obj/c_fixnum.o
                0x0000000000001396                c_fixnum_lshift
 .text.c_fixnum_rshift
                0x00000000000013cc       0x36 obj/c_fixnum.o
                0x00000000000013cc                c_fixnum_rshift
 .text.c_fixnum_abs
                0x0000000000001402        0xe obj/c_fixnum.o
                0x0000000000001402                c_fixnum_abs
 .text.c_fixnum_times
                0x0000000000001410        0x2 obj/c_fixnum.o
                0x0000000000001410                c_fixnum_times
 .text.c_fixnum_chr
                0x0000000000001412        0x2 obj/c_fixnum.o
                0x0000000000001412                c_fixnum_chr
 .text.c_fixnum_to_s
                0x0000000000001414       0x5e obj/c_fixnum.o
                0x0000000000001414                c_fixnum_to_s
 *fill*         0x0000000000001472        0x2 
 .text.mrbc_init_class_fixnum
                0x0000000000001474       0x1c obj/c_fixnum.o
                0x0000000000001474                mrbc_init_class_fixnum
 .text.console_printf
                0x0000000000001490       0x14 obj/console.o
                0x0000000000001490                console_printf
 .text.mrbc_printf_main
                0x00000000000014a4        0x4 obj/console.o
                0x00000000000014a4                mrbc_printf_main
 .text.mrbc_printf_str
                0x00000000000014a8        0x4 obj/console.o
                0x00000000000014a8                mrbc_printf_str
 .text.mrbc_printf_int
                0x00000000000014ac        0x4 obj/console.o
                0x00000000000014ac                mrbc_printf_int
 .text.search_global_object
                0x00000000000014b0       0x38 obj/global.o
 .text.global_object_add
                0x00000000000014e8       0x54 obj/global.o
                0x00000000000014e8                global_object_add
 .text.const_object_add
                0x000000000000153c       0x50 obj/global.o
                0x000000000000153c                const_object_add
 .text.global_object_get
                0x000000000000158c       0x48 obj/global.o
                0x000000000000158c                global_object_get
 .text.const_object_get
                0x00000000000015d4       0x48 obj/global.o
                0x00000000000015d4                const_object_get
 .text.init_symbol_table
                0x000000000000161c       0x28 obj/symbol.o
                0x000000000000161c                init_symbol_table
 .text.add_index
                0x0000000000001644       0x6c obj/symbol.o
                0x0000000000001644                add_index
 .text.search_index_dynamic
                0x00000000000016b0       0x34 obj/symbol.o
                0x00000000000016b0                search_index_dynamic
 .text.search_index
                0x00000000000016e4       0x24 obj/symbol.o
                0x00000000000016e4                search_index
 .text.mrbc_symbol_new
                0x0000000000001708       0x4a obj/symbol.o
                0x0000000000001708                mrbc_symbol_new
 .text.str_to_symid
                0x0000000000001752       0x14 obj/symbol.o
                0x0000000000001752                str_to_symid
 *fill*         0x0000000000001766        0x2 
 .text.symid_to_str
                0x0000000000001768       0x30 obj/symbol.o
                0x0000000000001768                symid_to_str
 .text.c_all_symbols
                0x0000000000001798        0x2 obj/symbol.o
                0x0000000000001798                c_all_symbols
 .text.c_to_s   0x000000000000179a       0x1a obj/symbol.o
                0x000000000000179a                c_to_s
 .text.mrbc_init_class_symbol
                0x00000000000017b4       0x14 obj/symbol.o
                0x00000000000017b4                mrbc_init_class_symbol
 .text.malloc   0x00000000000017c8       0x30 obj/memman.o
                0x00000000000017c8                malloc
 .text.realloc  0x00000000000017f8        0xc obj/memman.o
                0x00000000000017f8                realloc
 .text.free     0x0000000000001804       0x20 obj/memman.o
                0x0000000000001804                free
 .text.strlen   0x0000000000001824       0x12 obj/string_mini.o
                0x0000000000001824                strlen
 .text.strcpy   0x0000000000001836        0xe obj/string_mini.o
                0x0000000000001836                strcpy
 .text.strcmp   0x0000000000001844       0x16 obj/string_mini.o
                0x0000000000001844                strcmp
 .text.strcat   0x000000000000185a       0x1a obj/string_mini.o
                0x000000000000185a                strcat
 .text.memmove  0x0000000000001874       0x12 obj/string_mini.o
                0x0000000000001874                memmove
 .text.memset   0x0000000000001886        0xe obj/string_mini.o
                0x0000000000001886                memset
 .text.SysTick_Handler
                0x0000000000001894       0x10 obj/ext.o
                0x0000000000001894                SysTick_Handler
 .text.wait     0x00000000000018a4       0x14 obj/ext.o
                0x00000000000018a4                wait
 .text.ext_led  0x00000000000018b8       0x1c obj/ext.o
                0x00000000000018b8                ext_led
 .text.ext_wait
                0x00000000000018d4        0xa obj/ext.o
                0x00000000000018d4                ext_wait
 *fill*         0x00000000000018de        0x2 
 .text.ext_btn  0x00000000000018e0       0x10 obj/ext.o
                0x00000000000018e0                ext_btn
 .text.ext_init
                0x00000000000018f0       0x38 obj/ext.o
                0x00000000000018f0                ext_init
 .text          0x0000000000001928       0x14 /Users/fukuno/bin/gcc-arm-none-eabi-7-2018-q2-update/bin/../lib/gcc/arm-none-eabi/7.3.1/thumb/v6-m/libgcc.a(_thumb1_case_uqi.o)
                0x0000000000001928                __gnu_thumb1_case_uqi
 .text          0x000000000000193c       0x14 /Users/fukuno/bin/gcc-arm-none-eabi-7-2018-q2-update/bin/../lib/gcc/arm-none-eabi/7.3.1/thumb/v6-m/libgcc.a(_thumb1_case_uhi.o)
                0x000000000000193c                __gnu_thumb1_case_uhi
 .text          0x0000000000001950      0x1d4 /Users/fukuno/bin/gcc-arm-none-eabi-7-2018-q2-update/bin/../lib/gcc/arm-none-eabi/7.3.1/thumb/v6-m/libgcc.a(_divsi3.o)
                0x0000000000001950                __aeabi_idiv
                0x0000000000001950                __divsi3
                0x0000000000001b1c                __aeabi_idivmod
 .text          0x0000000000001b24        0x4 /Users/fukuno/bin/gcc-arm-none-eabi-7-2018-q2-update/bin/../lib/gcc/arm-none-eabi/7.3.1/thumb/v6-m/libgcc.a(_dvmd_tls.o)
                0x0000000000001b24                __aeabi_ldiv0
                0x0000000000001b24                __aeabi_idiv0
 *(.gnu.linkonce.t*)
 *(.gcc_except_table)
 *(.rodata .rodata.*)
 .rodata.c_object_attr_accessor.str1.1
                0x0000000000001b28        0x2 obj/c_object.o
 .rodata.c_object_to_s.str1.1
                0x0000000000001b2a        0xb obj/c_object.o
 .rodata.mrbc_puts_sub.str1.1
                0x0000000000001b35        0xe obj/c_object.o
 *fill*         0x0000000000001b43        0x1 
 .rodata.CSWTCH.11
                0x0000000000001b44       0xb8 obj/avr_access.o
 .rodata.mmruby_code_irep_000
                0x0000000000001bfc       0x7a obj/avr_access.o
                0x0000000000001bfc                mmruby_code_irep_000
 .rodata.mmruby_code_proc_table_Array
                0x0000000000001c76        0x1 obj/avr_access.o
                0x0000000000001c76                mmruby_code_proc_table_Array
 .rodata.mmruby_code_proc_table_False
                0x0000000000001c77        0x3 obj/avr_access.o
                0x0000000000001c77                mmruby_code_proc_table_False
 .rodata.mmruby_code_proc_table_Fixnum
                0x0000000000001c7a       0x1f obj/avr_access.o
                0x0000000000001c7a                mmruby_code_proc_table_Fixnum
 .rodata.mmruby_code_proc_table_Nil
                0x0000000000001c99        0x3 obj/avr_access.o
                0x0000000000001c99                mmruby_code_proc_table_Nil
 .rodata.mmruby_code_proc_table_Object
                0x0000000000001c9c       0x2b obj/avr_access.o
                0x0000000000001c9c                mmruby_code_proc_table_Object
 .rodata.mmruby_code_proc_table_Proc
                0x0000000000001cc7        0x5 obj/avr_access.o
                0x0000000000001cc7                mmruby_code_proc_table_Proc
 .rodata.mmruby_code_proc_table_Range
                0x0000000000001ccc        0x1 obj/avr_access.o
                0x0000000000001ccc                mmruby_code_proc_table_Range
 .rodata.mmruby_code_proc_table_String
                0x0000000000001ccd        0x9 obj/avr_access.o
                0x0000000000001ccd                mmruby_code_proc_table_String
 .rodata.mmruby_code_proc_table_Symbol
                0x0000000000001cd6        0x3 obj/avr_access.o
                0x0000000000001cd6                mmruby_code_proc_table_Symbol
 .rodata.mmruby_code_proc_table_True
                0x0000000000001cd9        0x3 obj/avr_access.o
                0x0000000000001cd9                mmruby_code_proc_table_True
 .rodata.mmruby_code_symbol_ref00
                0x0000000000001cdc        0x1 obj/avr_access.o
                0x0000000000001cdc                mmruby_code_symbol_ref00
 .rodata.mmruby_code_symbol_ref01
                0x0000000000001cdd        0x7 obj/avr_access.o
                0x0000000000001cdd                mmruby_code_symbol_ref01
 .rodata.mmruby_code_symbol_ref02
                0x0000000000001ce4        0x7 obj/avr_access.o
                0x0000000000001ce4                mmruby_code_symbol_ref02
 .rodata.mmruby_code_symbol_ref03
                0x0000000000001ceb        0x4 obj/avr_access.o
                0x0000000000001ceb                mmruby_code_symbol_ref03
 .rodata.mmruby_code_symbol_ref04
                0x0000000000001cef        0x5 obj/avr_access.o
                0x0000000000001cef                mmruby_code_symbol_ref04
 .rodata.mmruby_code_symbol_ref05
                0x0000000000001cf4        0x6 obj/avr_access.o
                0x0000000000001cf4                mmruby_code_symbol_ref05
 .rodata.mmruby_code_symbol_ref06
                0x0000000000001cfa        0x5 obj/avr_access.o
                0x0000000000001cfa                mmruby_code_symbol_ref06
 .rodata.mmruby_code_symbol_ref07
                0x0000000000001cff        0x7 obj/avr_access.o
                0x0000000000001cff                mmruby_code_symbol_ref07
 .rodata.mmruby_code_symbol_ref08
                0x0000000000001d06        0x7 obj/avr_access.o
                0x0000000000001d06                mmruby_code_symbol_ref08
 .rodata.mmruby_code_symbol_ref09
                0x0000000000001d0d        0x6 obj/avr_access.o
                0x0000000000001d0d                mmruby_code_symbol_ref09
 .rodata.mmruby_code_symbol_ref0a
                0x0000000000001d13        0x6 obj/avr_access.o
                0x0000000000001d13                mmruby_code_symbol_ref0a
 .rodata.mmruby_code_symbol_ref0b
                0x0000000000001d19        0x5 obj/avr_access.o
                0x0000000000001d19                mmruby_code_symbol_ref0b
 .rodata.mmruby_code_symbol_ref0c
                0x0000000000001d1e        0x8 obj/avr_access.o
                0x0000000000001d1e                mmruby_code_symbol_ref0c
 .rodata.mmruby_code_symbol_ref0d
                0x0000000000001d26        0x5 obj/avr_access.o
                0x0000000000001d26                mmruby_code_symbol_ref0d
 .rodata.mmruby_code_symbol_ref0e
                0x0000000000001d2b        0x6 obj/avr_access.o
                0x0000000000001d2b                mmruby_code_symbol_ref0e
 .rodata.mmruby_code_symbol_ref0f
                0x0000000000001d31        0x5 obj/avr_access.o
                0x0000000000001d31                mmruby_code_symbol_ref0f
 .rodata.mmruby_code_symbol_ref10
                0x0000000000001d36        0x6 obj/avr_access.o
                0x0000000000001d36                mmruby_code_symbol_ref10
 .rodata.mmruby_code_symbol_ref11
                0x0000000000001d3c        0x7 obj/avr_access.o
                0x0000000000001d3c                mmruby_code_symbol_ref11
 .rodata.mmruby_code_symbol_ref12
                0x0000000000001d43        0xd obj/avr_access.o
                0x0000000000001d43                mmruby_code_symbol_ref12
 .rodata.mmruby_code_symbol_ref13
                0x0000000000001d50        0x5 obj/avr_access.o
                0x0000000000001d50                mmruby_code_symbol_ref13
 .rodata.mmruby_code_symbol_ref14
                0x0000000000001d55        0x4 obj/avr_access.o
                0x0000000000001d55                mmruby_code_symbol_ref14
 .rodata.mmruby_code_symbol_ref15
                0x0000000000001d59        0x2 obj/avr_access.o
                0x0000000000001d59                mmruby_code_symbol_ref15
 .rodata.mmruby_code_symbol_ref16
                0x0000000000001d5b        0x4 obj/avr_access.o
                0x0000000000001d5b                mmruby_code_symbol_ref16
 .rodata.mmruby_code_symbol_ref17
                0x0000000000001d5f        0x3 obj/avr_access.o
                0x0000000000001d5f                mmruby_code_symbol_ref17
 .rodata.mmruby_code_symbol_ref18
                0x0000000000001d62        0x3 obj/avr_access.o
                0x0000000000001d62                mmruby_code_symbol_ref18
 .rodata.mmruby_code_symbol_ref19
                0x0000000000001d65        0x4 obj/avr_access.o
                0x0000000000001d65                mmruby_code_symbol_ref19
 .rodata.mmruby_code_symbol_ref1a
                0x0000000000001d69        0x3 obj/avr_access.o
                0x0000000000001d69                mmruby_code_symbol_ref1a
 .rodata.mmruby_code_symbol_ref1b
                0x0000000000001d6c        0x2 obj/avr_access.o
                0x0000000000001d6c                mmruby_code_symbol_ref1b
 .rodata.mmruby_code_symbol_ref1c
                0x0000000000001d6e        0x3 obj/avr_access.o
                0x0000000000001d6e                mmruby_code_symbol_ref1c
 .rodata.mmruby_code_symbol_ref1d
                0x0000000000001d71        0x4 obj/avr_access.o
                0x0000000000001d71                mmruby_code_symbol_ref1d
 .rodata.mmruby_code_symbol_ref1e
                0x0000000000001d75        0x5 obj/avr_access.o
                0x0000000000001d75                mmruby_code_symbol_ref1e
 .rodata.mmruby_code_symbol_ref1f
                0x0000000000001d7a        0x5 obj/avr_access.o
                0x0000000000001d7a                mmruby_code_symbol_ref1f
 .rodata.mmruby_code_symbol_ref20
                0x0000000000001d7f        0x2 obj/avr_access.o
                0x0000000000001d7f                mmruby_code_symbol_ref20
 .rodata.mmruby_code_symbol_ref21
                0x0000000000001d81        0x3 obj/avr_access.o
                0x0000000000001d81                mmruby_code_symbol_ref21
 .rodata.mmruby_code_symbol_ref22
                0x0000000000001d84        0x4 obj/avr_access.o
                0x0000000000001d84                mmruby_code_symbol_ref22
 .rodata.mmruby_code_symbol_ref23
                0x0000000000001d88        0x6 obj/avr_access.o
                0x0000000000001d88                mmruby_code_symbol_ref23
 .rodata.mmruby_code_symbol_ref24
                0x0000000000001d8e        0xc obj/avr_access.o
                0x0000000000001d8e                mmruby_code_symbol_ref24
 .rodata.mmruby_code_symbol_ref25
                0x0000000000001d9a        0xe obj/avr_access.o
                0x0000000000001d9a                mmruby_code_symbol_ref25
 .rodata.mmruby_code_symbol_ref26
                0x0000000000001da8        0x4 obj/avr_access.o
                0x0000000000001da8                mmruby_code_symbol_ref26
 .rodata.mmruby_code_symbol_ref27
                0x0000000000001dac        0x4 obj/avr_access.o
                0x0000000000001dac                mmruby_code_symbol_ref27
 .rodata.mmruby_code_symbol_ref28
                0x0000000000001db0        0x3 obj/avr_access.o
                0x0000000000001db0                mmruby_code_symbol_ref28
 .rodata.mmruby_code_symbol_ref29
                0x0000000000001db3        0x4 obj/avr_access.o
                0x0000000000001db3                mmruby_code_symbol_ref29
 .rodata.mmruby_code_symbol_ref2a
                0x0000000000001db7        0x4 obj/avr_access.o
                0x0000000000001db7                mmruby_code_symbol_ref2a
 .rodata.mmruby_code_symbol_ref2b
                0x0000000000001dbb        0x4 obj/avr_access.o
                0x0000000000001dbb                mmruby_code_symbol_ref2b
 .rodata.mmruby_code_symbol_ref2c
                0x0000000000001dbf        0x3 obj/avr_access.o
                0x0000000000001dbf                mmruby_code_symbol_ref2c
 .rodata.mmruby_code_symbol_ref2d
                0x0000000000001dc2        0x4 obj/avr_access.o
                0x0000000000001dc2                mmruby_code_symbol_ref2d
 .rodata.mmruby_code_symbol_ref2e
                0x0000000000001dc6        0x6 obj/avr_access.o
                0x0000000000001dc6                mmruby_code_symbol_ref2e
 .rodata.mmruby_code_symbol_ref2f
                0x0000000000001dcc        0x4 obj/avr_access.o
                0x0000000000001dcc                mmruby_code_symbol_ref2f
 .rodata.mmruby_code_symbol_ref30
                0x0000000000001dd0        0x6 obj/avr_access.o
                0x0000000000001dd0                mmruby_code_symbol_ref30
 .rodata.mmruby_code_symbol_ref31
                0x0000000000001dd6        0x5 obj/avr_access.o
                0x0000000000001dd6                mmruby_code_symbol_ref31
 .rodata.mmruby_code_symbol_ref32
                0x0000000000001ddb        0x3 obj/avr_access.o
                0x0000000000001ddb                mmruby_code_symbol_ref32
 .rodata.mmruby_code_symbol_ref33
                0x0000000000001dde        0x3 obj/avr_access.o
                0x0000000000001dde                mmruby_code_symbol_ref33
 .rodata.mmruby_code_symbol_ref34
                0x0000000000001de1        0x2 obj/avr_access.o
                0x0000000000001de1                mmruby_code_symbol_ref34
 .rodata.mmruby_code_symbol_ref35
                0x0000000000001de3        0x2 obj/avr_access.o
                0x0000000000001de3                mmruby_code_symbol_ref35
 .rodata.mmruby_code_symbol_ref36
                0x0000000000001de5        0x2 obj/avr_access.o
                0x0000000000001de5                mmruby_code_symbol_ref36
 .rodata.mmruby_code_symbol_ref37
                0x0000000000001de7        0x2 obj/avr_access.o
                0x0000000000001de7                mmruby_code_symbol_ref37
 .rodata.mmruby_code_symbol_ref38
                0x0000000000001de9        0x2 obj/avr_access.o
                0x0000000000001de9                mmruby_code_symbol_ref38
 .rodata.mmruby_code_symbol_ref39
                0x0000000000001deb        0x4 obj/avr_access.o
                0x0000000000001deb                mmruby_code_symbol_ref39
 .rodata.mmruby_code_symbol_ref3a
                0x0000000000001def        0x6 obj/avr_access.o
                0x0000000000001def                mmruby_code_symbol_ref3a
 .rodata.mmruby_code_symbol_ref3b
                0x0000000000001df5        0x4 obj/avr_access.o
                0x0000000000001df5                mmruby_code_symbol_ref3b
 .rodata.mmruby_code_symbol_ref3c
                0x0000000000001df9        0x5 obj/avr_access.o
                0x0000000000001df9                mmruby_code_symbol_ref3c
 .rodata.mmruby_code_symbol_ref3d
                0x0000000000001dfe        0xc obj/avr_access.o
                0x0000000000001dfe                mmruby_code_symbol_ref3d
 .rodata.mmruby_code_symbol_ref3e
                0x0000000000001e0a        0x8 obj/avr_access.o
                0x0000000000001e0a                mmruby_code_symbol_ref3e
 .rodata.mmruby_code_symbol_ref3f
                0x0000000000001e12        0x7 obj/avr_access.o
                0x0000000000001e12                mmruby_code_symbol_ref3f
 *fill*         0x0000000000001e19        0x3 
 .rodata.mmruby_code_symbol_table
                0x0000000000001e1c      0x100 obj/avr_access.o
                0x0000000000001e1c                mmruby_code_symbol_table
 .rodata.op_send.constprop.47.str1.1
                0x0000000000001f1c       0x13 obj/vm.o
 .rodata.run_vm.str1.1
                0x0000000000001f2f       0x20 obj/vm.o
 .rodata.c_false_to_s.str1.1
                0x0000000000001f4f        0x6 obj/c_common.o
 .rodata.c_proc_to_s.str1.1
                0x0000000000001f55        0xd obj/c_common.o
 .rodata.c_true_to_s.str1.1
                0x0000000000001f62        0x5 obj/c_common.o
 *(.gnu.linkonce.r*)

.glue_7         0x0000000000001f68        0x0
 .glue_7        0x0000000000001f68        0x0 linker stubs

.glue_7t        0x0000000000001f68        0x0
 .glue_7t       0x0000000000001f68        0x0 linker stubs

.vfp11_veneer   0x0000000000001f68        0x0
 .vfp11_veneer  0x0000000000001f68        0x0 linker stubs

.v4_bx          0x0000000000001f68        0x0
 .v4_bx         0x0000000000001f68        0x0 linker stubs

.iplt           0x0000000000001f68        0x0
 .iplt          0x0000000000001f68        0x0 obj/main.o

.rel.dyn        0x0000000000001f68        0x0
 .rel.iplt      0x0000000000001f68        0x0 obj/main.o

.ARM.excep
 *(.ARM.exidx*)
 *(.ARM.extab*)
                0x0000000000001f68                . = ALIGN (0x4)
                0x0000000000001f68                _etext = .
                0x0000000000001f68                _sidata = .

.data           0x0000000010000000        0x0 load address 0x0000000000001f68
                0x0000000010000000                _sdata = .
 *(.data .data.*)
 *(.gnu.linkonce.d*)
                0x0000000010000000                . = ALIGN (0x4)
                0x0000000010000000                _edata = .

.igot.plt       0x0000000010000000        0x0
 .igot.plt      0x0000000010000000        0x0 obj/main.o

.bss            0x0000000010000000      0x6ac
                0x0000000010000000                _sbss = .
 *(.bss .bss.*)
 .bss.vm_body   0x0000000010000000      0x134 obj/vm.o
 .bss.global_end
                0x0000000010000134        0x4 obj/global.o
 .bss.mrbc_global
                0x0000000010000138       0xf0 obj/global.o
 .bss.global_sym_name_buff
                0x0000000010000228       0x10 obj/symbol.o
 .bss.static_sym_tbl_size
                0x0000000010000238        0x1 obj/symbol.o
 .bss.sym_tbl_cnt
                0x0000000010000239        0x1 obj/symbol.o
 .bss.sym_tbl_size
                0x000000001000023a        0x1 obj/symbol.o
 *fill*         0x000000001000023b        0x1 
 .bss.symbol_table
                0x000000001000023c        0x4 obj/symbol.o
 .bss.systick   0x0000000010000240        0x4 obj/ext.o
                0x0000000010000240                systick
 *(.gnu.linkonce.b*)
 *(COMMON)
 COMMON         0x0000000010000244       0x28 obj/class.o
                0x0000000010000244                mrbc_class_proc
                0x0000000010000248                mrbc_class_true
                0x000000001000024c                mrbc_class_string
                0x0000000010000250                mrbc_class_false
                0x0000000010000254                mrbc_class_array
                0x0000000010000258                mrbc_class_symbol
                0x000000001000025c                mrbc_class_object
                0x0000000010000260                mrbc_class_nil
                0x0000000010000264                mrbc_class_fixnum
                0x0000000010000268                mrbc_class_range
 COMMON         0x000000001000026c      0x440 obj/memman.o
                0x000000001000026c                mm_mem
                0x000000001000066c                mm_use
                0x00000000100006ac                . = ALIGN (0x4)
                0x00000000100006ac                _ebss = .

.stack          0x00000000100006b0        0x0
 *(.stack)
 *(.STACK)
                0x00000000100006b0                . = ALIGN (0x4)
                0x00000000100006b0                . = ALIGN (0x4)
                0x00000000100006b0                _end = .
                [!provide]                        PROVIDE (_pvHeapStart = .)
OUTPUT(obj/mmruby.axf elf32-littlearm)

.debug_info     0x0000000000000000     0xbb07
 .debug_info    0x0000000000000000       0xa9 obj/main.o
 .debug_info    0x00000000000000a9      0x14b obj/startup1100.o
 .debug_info    0x00000000000001f4      0x6c2 obj/alloc.o
 .debug_info    0x00000000000008b6     0x132c obj/c_object.o
 .debug_info    0x0000000000001be2      0x12f obj/hal.o
 .debug_info    0x0000000000001d11      0x960 obj/value.o
 .debug_info    0x0000000000002671     0x10bb obj/avr_access.o
 .debug_info    0x000000000000372c     0x1d05 obj/c_string.o
 .debug_info    0x0000000000005431     0x284f obj/vm.o
 .debug_info    0x0000000000007c80      0x9b9 obj/c_common.o
 .debug_info    0x0000000000008639      0x8c7 obj/class.o
 .debug_info    0x0000000000008f00      0x53e obj/mmruby.o
 .debug_info    0x000000000000943e      0xcd4 obj/c_fixnum.o
 .debug_info    0x000000000000a112      0x2e4 obj/console.o
 .debug_info    0x000000000000a3f6      0x6ce obj/global.o
 .debug_info    0x000000000000aac4      0xa36 obj/symbol.o
 .debug_info    0x000000000000b4fa      0x158 obj/memman.o
 .debug_info    0x000000000000b652      0x331 obj/string_mini.o
 .debug_info    0x000000000000b983      0x184 obj/ext.o

.debug_abbrev   0x0000000000000000     0x2a5a
 .debug_abbrev  0x0000000000000000       0x5e obj/main.o
 .debug_abbrev  0x000000000000005e       0xf4 obj/startup1100.o
 .debug_abbrev  0x0000000000000152      0x24f obj/alloc.o
 .debug_abbrev  0x00000000000003a1      0x3f6 obj/c_object.o
 .debug_abbrev  0x0000000000000797      0x118 obj/hal.o
 .debug_abbrev  0x00000000000008af      0x341 obj/value.o
 .debug_abbrev  0x0000000000000bf0      0x31f obj/avr_access.o
 .debug_abbrev  0x0000000000000f0f      0x413 obj/c_string.o
 .debug_abbrev  0x0000000000001322      0x3c1 obj/vm.o
 .debug_abbrev  0x00000000000016e3      0x242 obj/c_common.o
 .debug_abbrev  0x0000000000001925      0x258 obj/class.o
 .debug_abbrev  0x0000000000001b7d      0x1a0 obj/mmruby.o
 .debug_abbrev  0x0000000000001d1d      0x31e obj/c_fixnum.o
 .debug_abbrev  0x000000000000203b      0x190 obj/console.o
 .debug_abbrev  0x00000000000021cb      0x28f obj/global.o
 .debug_abbrev  0x000000000000245a      0x2c1 obj/symbol.o
 .debug_abbrev  0x000000000000271b       0xf5 obj/memman.o
 .debug_abbrev  0x0000000000002810      0x10d obj/string_mini.o
 .debug_abbrev  0x000000000000291d      0x13d obj/ext.o

.debug_aranges  0x0000000000000000      0x6f0
 .debug_aranges
                0x0000000000000000       0x20 obj/main.o
 .debug_aranges
                0x0000000000000020       0x30 obj/startup1100.o
 .debug_aranges
                0x0000000000000050       0x48 obj/alloc.o
 .debug_aranges
                0x0000000000000098       0x90 obj/c_object.o
 .debug_aranges
                0x0000000000000128       0x38 obj/hal.o
 .debug_aranges
                0x0000000000000160       0x78 obj/value.o
 .debug_aranges
                0x00000000000001d8       0x70 obj/avr_access.o
 .debug_aranges
                0x0000000000000248      0x120 obj/c_string.o
 .debug_aranges
                0x0000000000000368       0x48 obj/vm.o
 .debug_aranges
                0x00000000000003b0       0x60 obj/c_common.o
 .debug_aranges
                0x0000000000000410       0x48 obj/class.o
 .debug_aranges
                0x0000000000000458       0x28 obj/mmruby.o
 .debug_aranges
                0x0000000000000480       0x88 obj/c_fixnum.o
 .debug_aranges
                0x0000000000000508       0x48 obj/console.o
 .debug_aranges
                0x0000000000000550       0x48 obj/global.o
 .debug_aranges
                0x0000000000000598       0x70 obj/symbol.o
 .debug_aranges
                0x0000000000000608       0x38 obj/memman.o
 .debug_aranges
                0x0000000000000640       0x60 obj/string_mini.o
 .debug_aranges
                0x00000000000006a0       0x50 obj/ext.o

.debug_ranges   0x0000000000000000      0xa88
 .debug_ranges  0x0000000000000000       0x10 obj/main.o
 .debug_ranges  0x0000000000000010       0x20 obj/startup1100.o
 .debug_ranges  0x0000000000000030       0x38 obj/alloc.o
 .debug_ranges  0x0000000000000068       0xd8 obj/c_object.o
 .debug_ranges  0x0000000000000140       0x28 obj/hal.o
 .debug_ranges  0x0000000000000168       0x80 obj/value.o
 .debug_ranges  0x00000000000001e8       0x90 obj/avr_access.o
 .debug_ranges  0x0000000000000278      0x1f0 obj/c_string.o
 .debug_ranges  0x0000000000000468      0x1b8 obj/vm.o
 .debug_ranges  0x0000000000000620       0x90 obj/c_common.o
 .debug_ranges  0x00000000000006b0       0x38 obj/class.o
 .debug_ranges  0x00000000000006e8       0x18 obj/mmruby.o
 .debug_ranges  0x0000000000000700      0x120 obj/c_fixnum.o
 .debug_ranges  0x0000000000000820       0x38 obj/console.o
 .debug_ranges  0x0000000000000858       0x58 obj/global.o
 .debug_ranges  0x00000000000008b0       0x60 obj/symbol.o
 .debug_ranges  0x0000000000000910       0x48 obj/memman.o
 .debug_ranges  0x0000000000000958       0xd0 obj/string_mini.o
 .debug_ranges  0x0000000000000a28       0x60 obj/ext.o

.debug_line     0x0000000000000000     0x1e13
 .debug_line    0x0000000000000000       0x52 obj/main.o
 .debug_line    0x0000000000000052       0xb3 obj/startup1100.o
 .debug_line    0x0000000000000105       0xcd obj/alloc.o
 .debug_line    0x00000000000001d2      0x2c7 obj/c_object.o
 .debug_line    0x0000000000000499       0x71 obj/hal.o
 .debug_line    0x000000000000050a      0x1ed obj/value.o
 .debug_line    0x00000000000006f7      0x1a5 obj/avr_access.o
 .debug_line    0x000000000000089c      0x63a obj/c_string.o
 .debug_line    0x0000000000000ed6      0x34e obj/vm.o
 .debug_line    0x0000000000001224      0x189 obj/c_common.o
 .debug_line    0x00000000000013ad      0x186 obj/class.o
 .debug_line    0x0000000000001533       0x99 obj/mmruby.o
 .debug_line    0x00000000000015cc      0x221 obj/c_fixnum.o
 .debug_line    0x00000000000017ed       0xc6 obj/console.o
 .debug_line    0x00000000000018b3      0x10a obj/global.o
 .debug_line    0x00000000000019bd      0x1be obj/symbol.o
 .debug_line    0x0000000000001b7b       0x9b obj/memman.o
 .debug_line    0x0000000000001c16      0x130 obj/string_mini.o
 .debug_line    0x0000000000001d46       0xcd obj/ext.o

.debug_str      0x0000000000000000     0x1dd4
 .debug_str     0x0000000000000000      0x169 obj/main.o
                                        0x18c (size before relaxing)
 .debug_str     0x0000000000000169       0x7f obj/startup1100.o
                                        0x1df (size before relaxing)
 .debug_str     0x00000000000001e8      0x24c obj/alloc.o
                                        0x418 (size before relaxing)
 .debug_str     0x0000000000000434      0x423 obj/c_object.o
                                        0x807 (size before relaxing)
 .debug_str     0x0000000000000857       0x44 obj/hal.o
                                        0x1a9 (size before relaxing)
 .debug_str     0x000000000000089b      0x12f obj/value.o
                                        0x5e4 (size before relaxing)
 .debug_str     0x00000000000009ca      0x92e obj/avr_access.o
                                        0xdb6 (size before relaxing)
 .debug_str     0x00000000000012f8      0x2cc obj/c_string.o
                                        0x930 (size before relaxing)
 .debug_str     0x00000000000015c4      0x46d obj/vm.o
                                        0x9ea (size before relaxing)
 .debug_str     0x0000000000001a31       0x9f obj/c_common.o
                                        0x61f (size before relaxing)
 .debug_str     0x0000000000001ad0       0x61 obj/class.o
                                        0x60b (size before relaxing)
 .debug_str     0x0000000000001b31       0x1f obj/mmruby.o
                                        0x4b4 (size before relaxing)
 .debug_str     0x0000000000001b50       0xd7 obj/c_fixnum.o
                                        0x640 (size before relaxing)
 .debug_str     0x0000000000001c27       0x1c obj/console.o
                                        0x279 (size before relaxing)
 .debug_str     0x0000000000001c43       0x96 obj/global.o
                                        0x45c (size before relaxing)
 .debug_str     0x0000000000001cd9       0x85 obj/symbol.o
                                        0x633 (size before relaxing)
 .debug_str     0x0000000000001d5e       0x27 obj/memman.o
                                        0x19b (size before relaxing)
 .debug_str     0x0000000000001d85       0x1c obj/string_mini.o
                                        0x1bd (size before relaxing)
 .debug_str     0x0000000000001da1       0x33 obj/ext.o
                                        0x1be (size before relaxing)

.comment        0x0000000000000000       0x7f
 .comment       0x0000000000000000       0x7f obj/main.o
                                         0x80 (size before relaxing)
 .comment       0x000000000000007f       0x80 obj/startup1100.o
 .comment       0x000000000000007f       0x80 obj/alloc.o
 .comment       0x000000000000007f       0x80 obj/c_object.o
 .comment       0x000000000000007f       0x80 obj/hal.o
 .comment       0x000000000000007f       0x80 obj/value.o
 .comment       0x000000000000007f       0x80 obj/avr_access.o
 .comment       0x000000000000007f       0x80 obj/c_string.o
 .comment       0x000000000000007f       0x80 obj/vm.o
 .comment       0x000000000000007f       0x80 obj/c_common.o
 .comment       0x000000000000007f       0x80 obj/class.o
 .comment       0x000000000000007f       0x80 obj/mmruby.o
 .comment       0x000000000000007f       0x80 obj/c_fixnum.o
 .comment       0x000000000000007f       0x80 obj/console.o
 .comment       0x000000000000007f       0x80 obj/global.o
 .comment       0x000000000000007f       0x80 obj/symbol.o
 .comment       0x000000000000007f       0x80 obj/memman.o
 .comment       0x000000000000007f       0x80 obj/string_mini.o
 .comment       0x000000000000007f       0x80 obj/ext.o

.ARM.attributes
                0x0000000000000000       0x31
 .ARM.attributes
                0x0000000000000000       0x31 obj/main.o
 .ARM.attributes
                0x0000000000000031       0x31 obj/startup1100.o
 .ARM.attributes
                0x0000000000000062       0x31 obj/alloc.o
 .ARM.attributes
                0x0000000000000093       0x31 obj/c_object.o
 .ARM.attributes
                0x00000000000000c4       0x31 obj/hal.o
 .ARM.attributes
                0x00000000000000f5       0x31 obj/value.o
 .ARM.attributes
                0x0000000000000126       0x31 obj/avr_access.o
 .ARM.attributes
                0x0000000000000157       0x31 obj/c_string.o
 .ARM.attributes
                0x0000000000000188       0x31 obj/vm.o
 .ARM.attributes
                0x00000000000001b9       0x31 obj/c_common.o
 .ARM.attributes
                0x00000000000001ea       0x31 obj/class.o
 .ARM.attributes
                0x000000000000021b       0x31 obj/mmruby.o
 .ARM.attributes
                0x000000000000024c       0x31 obj/c_fixnum.o
 .ARM.attributes
                0x000000000000027d       0x31 obj/console.o
 .ARM.attributes
                0x00000000000002ae       0x31 obj/global.o
 .ARM.attributes
                0x00000000000002df       0x31 obj/symbol.o
 .ARM.attributes
                0x0000000000000310       0x31 obj/memman.o
 .ARM.attributes
                0x0000000000000341       0x31 obj/string_mini.o
 .ARM.attributes
                0x0000000000000372       0x31 obj/ext.o
 .ARM.attributes
                0x00000000000003a3       0x1e /Users/fukuno/bin/gcc-arm-none-eabi-7-2018-q2-update/bin/../lib/gcc/arm-none-eabi/7.3.1/thumb/v6-m/libgcc.a(_thumb1_case_uqi.o)
 .ARM.attributes
                0x00000000000003c1       0x1e /Users/fukuno/bin/gcc-arm-none-eabi-7-2018-q2-update/bin/../lib/gcc/arm-none-eabi/7.3.1/thumb/v6-m/libgcc.a(_thumb1_case_uhi.o)
 .ARM.attributes
                0x00000000000003df       0x1e /Users/fukuno/bin/gcc-arm-none-eabi-7-2018-q2-update/bin/../lib/gcc/arm-none-eabi/7.3.1/thumb/v6-m/libgcc.a(_divsi3.o)
 .ARM.attributes
                0x00000000000003fd       0x1e /Users/fukuno/bin/gcc-arm-none-eabi-7-2018-q2-update/bin/../lib/gcc/arm-none-eabi/7.3.1/thumb/v6-m/libgcc.a(_dvmd_tls.o)

.debug_frame    0x0000000000000000     0x122c
 .debug_frame   0x0000000000000000       0x28 obj/main.o
 .debug_frame   0x0000000000000028       0x40 obj/startup1100.o
 .debug_frame   0x0000000000000068       0xa0 obj/alloc.o
 .debug_frame   0x0000000000000108      0x26c obj/c_object.o
 .debug_frame   0x0000000000000374       0x50 obj/hal.o
 .debug_frame   0x00000000000003c4      0x124 obj/value.o
 .debug_frame   0x00000000000004e8       0xe4 obj/avr_access.o
 .debug_frame   0x00000000000005cc      0x3e4 obj/c_string.o
 .debug_frame   0x00000000000009b0       0xa8 obj/vm.o
 .debug_frame   0x0000000000000a58      0x10c obj/c_common.o
 .debug_frame   0x0000000000000b64       0xb0 obj/class.o
 .debug_frame   0x0000000000000c14       0x40 obj/mmruby.o
 .debug_frame   0x0000000000000c54      0x190 obj/c_fixnum.o
 .debug_frame   0x0000000000000de4       0x84 obj/console.o
 .debug_frame   0x0000000000000e68       0xc4 obj/global.o
 .debug_frame   0x0000000000000f2c      0x12c obj/symbol.o
 .debug_frame   0x0000000000001058       0x50 obj/memman.o
 .debug_frame   0x00000000000010a8       0xd4 obj/string_mini.o
 .debug_frame   0x000000000000117c       0x90 obj/ext.o
 .debug_frame   0x000000000000120c       0x20 /Users/fukuno/bin/gcc-arm-none-eabi-7-2018-q2-update/bin/../lib/gcc/arm-none-eabi/7.3.1/thumb/v6-m/libgcc.a(_divsi3.o)

.debug_loc      0x0000000000000000     0x5fe9
 .debug_loc     0x0000000000000000       0x2b obj/startup1100.o
 .debug_loc     0x000000000000002b      0x205 obj/alloc.o
 .debug_loc     0x0000000000000230      0x8b9 obj/c_object.o
 .debug_loc     0x0000000000000ae9       0x21 obj/hal.o
 .debug_loc     0x0000000000000b0a      0x3b0 obj/value.o
 .debug_loc     0x0000000000000eba      0x2b3 obj/avr_access.o
 .debug_loc     0x000000000000116d     0x1966 obj/c_string.o
 .debug_loc     0x0000000000002ad3     0x1a87 obj/vm.o
 .debug_loc     0x000000000000455a      0x34d obj/c_common.o
 .debug_loc     0x00000000000048a7      0x2d4 obj/class.o
 .debug_loc     0x0000000000004b7b      0x906 obj/c_fixnum.o
 .debug_loc     0x0000000000005481       0xd1 obj/console.o
 .debug_loc     0x0000000000005552      0x217 obj/global.o
 .debug_loc     0x0000000000005769      0x33b obj/symbol.o
 .debug_loc     0x0000000000005aa4       0xbe obj/memman.o
 .debug_loc     0x0000000000005b62      0x403 obj/string_mini.o
 .debug_loc     0x0000000000005f65       0x84 obj/ext.o

Cross Reference Table

Symbol                                            File
ADC_IRQHandler                                    obj/startup1100.o
BOD_IRQHandler                                    obj/startup1100.o
CT16B0_IRQHandler                                 obj/startup1100.o
CT16B1_IRQHandler                                 obj/startup1100.o
CT32B0_IRQHandler                                 obj/startup1100.o
CT32B1_IRQHandler                                 obj/startup1100.o
C_CAN_IRQHandler                                  obj/startup1100.o
Exception_Trap                                    obj/startup1100.o
HardFault_Hander                                  obj/startup1100.o
I2C_IRQHandler                                    obj/startup1100.o
IRQ_Trap                                          obj/startup1100.o
InitSysTick                                       obj/ext.o
NMI_Handler                                       obj/startup1100.o
PIO0_0_IRQHandler                                 obj/startup1100.o
PIO0_10_IRQHandler                                obj/startup1100.o
PIO0_11_IRQHandler                                obj/startup1100.o
PIO0_1_IRQHandler                                 obj/startup1100.o
PIO0_2_IRQHandler                                 obj/startup1100.o
PIO0_3_IRQHandler                                 obj/startup1100.o
PIO0_4_IRQHandler                                 obj/startup1100.o
PIO0_5_IRQHandler                                 obj/startup1100.o
PIO0_6_IRQHandler                                 obj/startup1100.o
PIO0_7_IRQHandler                                 obj/startup1100.o
PIO0_8_IRQHandler                                 obj/startup1100.o
PIO0_9_IRQHandler                                 obj/startup1100.o
PIO1_0_IRQHandler                                 obj/startup1100.o
PIO_0_IRQHandler                                  obj/startup1100.o
PIO_1_IRQHandler                                  obj/startup1100.o
PIO_2_IRQHandler                                  obj/startup1100.o
PIO_3_IRQHandler                                  obj/startup1100.o
PendSV_Handler                                    obj/startup1100.o
Reset_Handler                                     obj/startup1100.o
SPI0_IRQHandler                                   obj/startup1100.o
SPI1_IRQHandler                                   obj/startup1100.o
SVC_Handler                                       obj/startup1100.o
SysTick_Handler                                   obj/ext.o
                                                  obj/startup1100.o
UART_IRQHandler                                   obj/startup1100.o
WDT_IRQHandler                                    obj/startup1100.o
__aeabi_idiv                                      /Users/fukuno/bin/gcc-arm-none-eabi-7-2018-q2-update/bin/../lib/gcc/arm-none-eabi/7.3.1/thumb/v6-m/libgcc.a(_divsi3.o)
                                                  obj/ext.o
                                                  obj/vm.o
__aeabi_idiv0                                     /Users/fukuno/bin/gcc-arm-none-eabi-7-2018-q2-update/bin/../lib/gcc/arm-none-eabi/7.3.1/thumb/v6-m/libgcc.a(_dvmd_tls.o)
                                                  /Users/fukuno/bin/gcc-arm-none-eabi-7-2018-q2-update/bin/../lib/gcc/arm-none-eabi/7.3.1/thumb/v6-m/libgcc.a(_divsi3.o)
__aeabi_idivmod                                   /Users/fukuno/bin/gcc-arm-none-eabi-7-2018-q2-update/bin/../lib/gcc/arm-none-eabi/7.3.1/thumb/v6-m/libgcc.a(_divsi3.o)
                                                  obj/c_fixnum.o
__aeabi_ldiv0                                     /Users/fukuno/bin/gcc-arm-none-eabi-7-2018-q2-update/bin/../lib/gcc/arm-none-eabi/7.3.1/thumb/v6-m/libgcc.a(_dvmd_tls.o)
__divsi3                                          /Users/fukuno/bin/gcc-arm-none-eabi-7-2018-q2-update/bin/../lib/gcc/arm-none-eabi/7.3.1/thumb/v6-m/libgcc.a(_divsi3.o)
__gnu_thumb1_case_uhi                             /Users/fukuno/bin/gcc-arm-none-eabi-7-2018-q2-update/bin/../lib/gcc/arm-none-eabi/7.3.1/thumb/v6-m/libgcc.a(_thumb1_case_uhi.o)
                                                  obj/vm.o
__gnu_thumb1_case_uqi                             /Users/fukuno/bin/gcc-arm-none-eabi-7-2018-q2-update/bin/../lib/gcc/arm-none-eabi/7.3.1/thumb/v6-m/libgcc.a(_thumb1_case_uqi.o)
                                                  obj/class.o
                                                  obj/avr_access.o
                                                  obj/value.o
_ebss                                             obj/startup1100.o
_edata                                            obj/startup1100.o
_endof_sram                                       obj/startup1100.o
_sbss                                             obj/startup1100.o
_sdata                                            obj/startup1100.o
_sidata                                           obj/startup1100.o
add_index                                         obj/symbol.o
atol                                              obj/string_mini.o
                                                  obj/c_string.o
c_all_symbols                                     obj/symbol.o
                                                  obj/avr_access.o
c_equal3                                          obj/symbol.o
c_false_to_s                                      obj/c_common.o
                                                  obj/avr_access.o
c_fixnum_abs                                      obj/c_fixnum.o
                                                  obj/avr_access.o
c_fixnum_and                                      obj/c_fixnum.o
                                                  obj/avr_access.o
c_fixnum_bitref                                   obj/c_fixnum.o
                                                  obj/avr_access.o
c_fixnum_chr                                      obj/c_fixnum.o
                                                  obj/avr_access.o
c_fixnum_lshift                                   obj/c_fixnum.o
                                                  obj/avr_access.o
c_fixnum_mod                                      obj/c_fixnum.o
                                                  obj/avr_access.o
c_fixnum_negative                                 obj/c_fixnum.o
                                                  obj/avr_access.o
c_fixnum_not                                      obj/c_fixnum.o
                                                  obj/avr_access.o
c_fixnum_or                                       obj/c_fixnum.o
                                                  obj/avr_access.o
c_fixnum_power                                    obj/c_fixnum.o
                                                  obj/avr_access.o
c_fixnum_rshift                                   obj/c_fixnum.o
                                                  obj/avr_access.o
c_fixnum_times                                    obj/c_fixnum.o
                                                  obj/avr_access.o
c_fixnum_to_s                                     obj/c_fixnum.o
                                                  obj/avr_access.o
c_fixnum_xor                                      obj/c_fixnum.o
                                                  obj/avr_access.o
c_ineffect                                        obj/class.o
                                                  obj/avr_access.o
c_nil_to_s                                        obj/c_common.o
                                                  obj/avr_access.o
c_object_ana                                      obj/c_object.o
                                                  obj/avr_access.o
c_object_attr_accessor                            obj/c_object.o
                                                  obj/avr_access.o
c_object_attr_reader                              obj/c_object.o
                                                  obj/avr_access.o
c_object_btn                                      obj/c_object.o
                                                  obj/avr_access.o
c_object_class                                    obj/c_object.o
                                                  obj/avr_access.o
c_object_cls                                      obj/c_object.o
                                                  obj/avr_access.o
c_object_compare                                  obj/c_object.o
                                                  obj/avr_access.o
c_object_getiv                                    obj/c_object.o
c_object_in                                       obj/c_object.o
                                                  obj/avr_access.o
c_object_inkey                                    obj/c_object.o
                                                  obj/avr_access.o
c_object_lc                                       obj/c_object.o
                                                  obj/avr_access.o
c_object_led                                      obj/c_object.o
                                                  obj/avr_access.o
c_object_neq                                      obj/c_object.o
                                                  obj/avr_access.o
c_object_new                                      obj/c_object.o
c_object_not                                      obj/c_object.o
                                                  obj/avr_access.o
c_object_out                                      obj/c_object.o
                                                  obj/avr_access.o
c_object_print                                    obj/c_object.o
                                                  obj/avr_access.o
c_object_pwm                                      obj/c_object.o
                                                  obj/avr_access.o
c_object_rnd                                      obj/c_object.o
                                                  obj/avr_access.o
c_object_scr                                      obj/c_object.o
                                                  obj/avr_access.o
c_object_setiv                                    obj/c_object.o
c_object_sprintf                                  obj/c_string.o
c_object_to_s                                     obj/c_object.o
                                                  obj/avr_access.o
c_object_wait                                     obj/c_object.o
                                                  obj/avr_access.o
c_proc_call                                       obj/c_common.o
                                                  obj/avr_access.o
c_proc_to_s                                       obj/c_common.o
                                                  obj/avr_access.o
c_puts                                            obj/c_object.o
                                                  obj/avr_access.o
c_string_add                                      obj/c_string.o
c_string_append                                   obj/c_string.o
c_string_chomp                                    obj/c_string.o
c_string_chomp_self                               obj/c_string.o
c_string_dup                                      obj/c_string.o
c_string_eql                                      obj/c_string.o
c_string_index                                    obj/c_string.o
c_string_insert                                   obj/c_string.o
c_string_lstrip                                   obj/c_string.o
c_string_lstrip_self                              obj/c_string.o
c_string_ord                                      obj/c_string.o
c_string_rstrip                                   obj/c_string.o
c_string_rstrip_self                              obj/c_string.o
c_string_size                                     obj/c_string.o
c_string_slice                                    obj/c_string.o
c_string_strip                                    obj/c_string.o
c_string_strip_self                               obj/c_string.o
c_string_to_i                                     obj/c_string.o
c_string_to_sym                                   obj/c_string.o
c_to_s                                            obj/symbol.o
                                                  obj/avr_access.o
c_true_to_s                                       obj/c_common.o
                                                  obj/avr_access.o
class_arduino_delay                               obj/ext_arduino.o
class_arduino_digital_read                        obj/ext_arduino.o
class_arduino_digital_write                       obj/ext_arduino.o
class_arduino_pin_mode                            obj/ext_arduino.o
console_printf                                    obj/console.o
                                                  obj/vm.o
                                                  obj/c_object.o
const_object_add                                  obj/global.o
                                                  obj/class.o
                                                  obj/vm.o
const_object_get                                  obj/global.o
                                                  obj/class.o
                                                  obj/vm.o
copy_symbol_str                                   obj/avr_access.o
                                                  obj/symbol.o
ext_btn                                           obj/ext.o
                                                  obj/c_object.o
ext_init                                          obj/ext.o
                                                  obj/main.o
ext_led                                           obj/ext.o
                                                  obj/c_object.o
ext_wait                                          obj/ext.o
                                                  obj/c_object.o
find_c_funcs                                      obj/avr_access.o
                                                  obj/vm.o
find_c_funcs_by_no                                obj/avr_access.o
find_class_by_object                              obj/class.o
                                                  obj/vm.o
                                                  obj/c_object.o
find_func_no_by_sym_id                            obj/avr_access.o
find_method                                       obj/class.o
                                                  obj/vm.o
find_static_procs                                 obj/avr_access.o
                                                  obj/class.o
free                                              obj/memman.o
                                                  obj/alloc.o
get_irep_irep_id                                  obj/avr_access.o
                                                  obj/vm.o
get_irep_pool                                     obj/avr_access.o
                                                  obj/vm.o
get_irep_symbol_id                                obj/avr_access.o
                                                  obj/vm.o
get_max_static_symbol_id                          obj/avr_access.o
                                                  obj/symbol.o
get_vm                                            obj/vm.o
global_object_add                                 obj/global.o
                                                  obj/vm.o
global_object_get                                 obj/global.o
                                                  obj/vm.o
hal_delay                                         obj/hal.o
hal_write                                         obj/hal.o
                                                  obj/c_object.o
hal_write_string                                  obj/hal.o
                                                  obj/console.o
init_hal                                          obj/hal.o
                                                  obj/mmruby.o
init_symbol_table                                 obj/symbol.o
                                                  obj/mmruby.o
init_vm                                           obj/vm.o
                                                  obj/mmruby.o
main                                              obj/main.o
                                                  obj/startup1100.o
malloc                                            obj/memman.o
                                                  obj/alloc.o
memcmp                                            obj/string_mini.o
                                                  obj/c_string.o
memman_init                                       obj/memman.o
memmove                                           obj/string_mini.o
                                                  obj/symbol.o
                                                  obj/c_string.o
memset                                            obj/string_mini.o
                                                  obj/symbol.o
                                                  obj/global.o
                                                  obj/vm.o
                                                  obj/c_string.o
                                                  obj/value.o
mm_mem                                            obj/memman.o
mm_use                                            obj/memman.o
mmruby_code_irep_000                              obj/avr_access.o
mmruby_code_irep_table                            obj/avr_access.o
mmruby_code_proc_table_Array                      obj/avr_access.o
mmruby_code_proc_table_False                      obj/avr_access.o
mmruby_code_proc_table_Fixnum                     obj/avr_access.o
mmruby_code_proc_table_Nil                        obj/avr_access.o
mmruby_code_proc_table_Object                     obj/avr_access.o
mmruby_code_proc_table_Proc                       obj/avr_access.o
mmruby_code_proc_table_Range                      obj/avr_access.o
mmruby_code_proc_table_String                     obj/avr_access.o
mmruby_code_proc_table_Symbol                     obj/avr_access.o
mmruby_code_proc_table_True                       obj/avr_access.o
mmruby_code_proc_table_size                       obj/avr_access.o
mmruby_code_symbol_ref00                          obj/avr_access.o
mmruby_code_symbol_ref01                          obj/avr_access.o
mmruby_code_symbol_ref02                          obj/avr_access.o
mmruby_code_symbol_ref03                          obj/avr_access.o
mmruby_code_symbol_ref04                          obj/avr_access.o
mmruby_code_symbol_ref05                          obj/avr_access.o
mmruby_code_symbol_ref06                          obj/avr_access.o
mmruby_code_symbol_ref07                          obj/avr_access.o
mmruby_code_symbol_ref08                          obj/avr_access.o
mmruby_code_symbol_ref09                          obj/avr_access.o
mmruby_code_symbol_ref0a                          obj/avr_access.o
mmruby_code_symbol_ref0b                          obj/avr_access.o
mmruby_code_symbol_ref0c                          obj/avr_access.o
mmruby_code_symbol_ref0d                          obj/avr_access.o
mmruby_code_symbol_ref0e                          obj/avr_access.o
mmruby_code_symbol_ref0f                          obj/avr_access.o
mmruby_code_symbol_ref10                          obj/avr_access.o
mmruby_code_symbol_ref11                          obj/avr_access.o
mmruby_code_symbol_ref12                          obj/avr_access.o
mmruby_code_symbol_ref13                          obj/avr_access.o
mmruby_code_symbol_ref14                          obj/avr_access.o
mmruby_code_symbol_ref15                          obj/avr_access.o
mmruby_code_symbol_ref16                          obj/avr_access.o
mmruby_code_symbol_ref17                          obj/avr_access.o
mmruby_code_symbol_ref18                          obj/avr_access.o
mmruby_code_symbol_ref19                          obj/avr_access.o
mmruby_code_symbol_ref1a                          obj/avr_access.o
mmruby_code_symbol_ref1b                          obj/avr_access.o
mmruby_code_symbol_ref1c                          obj/avr_access.o
mmruby_code_symbol_ref1d                          obj/avr_access.o
mmruby_code_symbol_ref1e                          obj/avr_access.o
mmruby_code_symbol_ref1f                          obj/avr_access.o
mmruby_code_symbol_ref20                          obj/avr_access.o
mmruby_code_symbol_ref21                          obj/avr_access.o
mmruby_code_symbol_ref22                          obj/avr_access.o
mmruby_code_symbol_ref23                          obj/avr_access.o
mmruby_code_symbol_ref24                          obj/avr_access.o
mmruby_code_symbol_ref25                          obj/avr_access.o
mmruby_code_symbol_ref26                          obj/avr_access.o
mmruby_code_symbol_ref27                          obj/avr_access.o
mmruby_code_symbol_ref28                          obj/avr_access.o
mmruby_code_symbol_ref29                          obj/avr_access.o
mmruby_code_symbol_ref2a                          obj/avr_access.o
mmruby_code_symbol_ref2b                          obj/avr_access.o
mmruby_code_symbol_ref2c                          obj/avr_access.o
mmruby_code_symbol_ref2d                          obj/avr_access.o
mmruby_code_symbol_ref2e                          obj/avr_access.o
mmruby_code_symbol_ref2f                          obj/avr_access.o
mmruby_code_symbol_ref30                          obj/avr_access.o
mmruby_code_symbol_ref31                          obj/avr_access.o
mmruby_code_symbol_ref32                          obj/avr_access.o
mmruby_code_symbol_ref33                          obj/avr_access.o
mmruby_code_symbol_ref34                          obj/avr_access.o
mmruby_code_symbol_ref35                          obj/avr_access.o
mmruby_code_symbol_ref36                          obj/avr_access.o
mmruby_code_symbol_ref37                          obj/avr_access.o
mmruby_code_symbol_ref38                          obj/avr_access.o
mmruby_code_symbol_ref39                          obj/avr_access.o
mmruby_code_symbol_ref3a                          obj/avr_access.o
mmruby_code_symbol_ref3b                          obj/avr_access.o
mmruby_code_symbol_ref3c                          obj/avr_access.o
mmruby_code_symbol_ref3d                          obj/avr_access.o
mmruby_code_symbol_ref3e                          obj/avr_access.o
mmruby_code_symbol_ref3f                          obj/avr_access.o
mmruby_code_symbol_table                          obj/avr_access.o
mmruby_code_symbol_table_size                     obj/avr_access.o
mmruby_run                                        obj/mmruby.o
                                                  obj/main.o
mmruby_setup                                      obj/mmruby.o
                                                  obj/main.o
mrbc_alloc                                        obj/alloc.o
                                                  obj/class.o
                                                  obj/c_string.o
                                                  obj/value.o
                                                  obj/c_object.o
mrbc_atoi                                         obj/value.o
                                                  obj/c_string.o
mrbc_class_arduino                                obj/ext_arduino.o
mrbc_class_array                                  obj/class.o
mrbc_class_false                                  obj/class.o
                                                  obj/c_common.o
mrbc_class_fixnum                                 obj/class.o
                                                  obj/c_fixnum.o
mrbc_class_nil                                    obj/class.o
                                                  obj/c_common.o
mrbc_class_object                                 obj/class.o
                                                  obj/c_fixnum.o
                                                  obj/vm.o
                                                  obj/c_string.o
                                                  obj/c_object.o
mrbc_class_proc                                   obj/class.o
                                                  obj/c_common.o
mrbc_class_range                                  obj/class.o
mrbc_class_string                                 obj/class.o
                                                  obj/c_string.o
mrbc_class_symbol                                 obj/class.o
                                                  obj/symbol.o
mrbc_class_true                                   obj/class.o
                                                  obj/c_common.o
mrbc_compare                                      obj/value.o
                                                  obj/symbol.o
                                                  obj/vm.o
                                                  obj/c_object.o
mrbc_dec_ref_counter                              obj/value.o
mrbc_define_class                                 obj/class.o
                                                  obj/symbol.o
                                                  obj/c_fixnum.o
                                                  obj/c_common.o
                                                  obj/ext_arduino.o
                                                  obj/c_string.o
                                                  obj/c_object.o
mrbc_define_method                                obj/class.o
                                                  obj/c_object.o
mrbc_dup                                          obj/value.o
                                                  obj/global.o
                                                  obj/vm.o
mrbc_free                                         obj/alloc.o
mrbc_init_class                                   obj/class.o
                                                  obj/mmruby.o
mrbc_init_class_arduino                           obj/ext_arduino.o
mrbc_init_class_false                             obj/c_common.o
                                                  obj/class.o
mrbc_init_class_fixnum                            obj/c_fixnum.o
                                                  obj/class.o
mrbc_init_class_nil                               obj/c_common.o
                                                  obj/class.o
mrbc_init_class_object                            obj/c_object.o
                                                  obj/class.o
mrbc_init_class_proc                              obj/c_common.o
                                                  obj/class.o
mrbc_init_class_string                            obj/c_string.o
                                                  obj/class.o
mrbc_init_class_symbol                            obj/symbol.o
                                                  obj/class.o
mrbc_init_class_true                              obj/c_common.o
                                                  obj/class.o
mrbc_init_global                                  obj/global.o
mrbc_instance_delete                              obj/value.o
mrbc_instance_getiv                               obj/value.o
mrbc_instance_new                                 obj/value.o
mrbc_instance_setiv                               obj/value.o
mrbc_irep_alloc                                   obj/value.o
mrbc_irep_free                                    obj/value.o
mrbc_obj_alloc                                    obj/value.o
mrbc_pop_callinfo                                 obj/vm.o
mrbc_printf_char                                  obj/console.o
                                                  obj/c_string.o
mrbc_printf_int                                   obj/console.o
                                                  obj/c_fixnum.o
                                                  obj/c_common.o
                                                  obj/c_string.o
                                                  obj/c_object.o
mrbc_printf_main                                  obj/console.o
                                                  obj/c_common.o
                                                  obj/c_string.o
                                                  obj/c_object.o
mrbc_printf_replace_buffer                        obj/console.o
                                                  obj/c_string.o
mrbc_printf_str                                   obj/console.o
                                                  obj/c_object.o
mrbc_push_callinfo                                obj/vm.o
                                                  obj/c_common.o
mrbc_puts_sub                                     obj/c_object.o
mrbc_raw_alloc                                    obj/alloc.o
                                                  obj/symbol.o
                                                  obj/c_string.o
                                                  obj/value.o
mrbc_raw_free                                     obj/alloc.o
                                                  obj/c_string.o
                                                  obj/value.o
                                                  obj/c_object.o
mrbc_raw_realloc                                  obj/alloc.o
                                                  obj/symbol.o
                                                  obj/c_string.o
mrbc_realloc                                      obj/alloc.o
                                                  obj/c_string.o
mrbc_release                                      obj/value.o
                                                  obj/symbol.o
                                                  obj/global.o
                                                  obj/c_fixnum.o
                                                  obj/c_common.o
                                                  obj/vm.o
                                                  obj/ext_arduino.o
                                                  obj/c_string.o
                                                  obj/c_object.o
mrbc_rproc_alloc                                  obj/value.o
                                                  obj/class.o
                                                  obj/vm.o
mrbc_string_add                                   obj/c_string.o
                                                  obj/vm.o
mrbc_string_append                                obj/c_string.o
mrbc_string_chomp                                 obj/c_string.o
mrbc_string_clear_vm_id                           obj/c_string.o
mrbc_string_delete                                obj/c_string.o
mrbc_string_dup                                   obj/c_string.o
mrbc_string_index                                 obj/c_string.o
mrbc_string_new                                   obj/c_string.o
                                                  obj/c_common.o
                                                  obj/vm.o
mrbc_string_new_alloc                             obj/c_string.o
mrbc_string_new_cstr                              obj/c_string.o
                                                  obj/symbol.o
                                                  obj/c_fixnum.o
                                                  obj/c_common.o
                                                  obj/c_object.o
mrbc_string_strip                                 obj/c_string.o
mrbc_symbol_new                                   obj/symbol.o
                                                  obj/c_string.o
                                                  obj/c_object.o
output_string                                     obj/debug.o
read_bytecode                                     obj/avr_access.o
                                                  obj/vm.o
realloc                                           obj/memman.o
                                                  obj/alloc.o
run_vm                                            obj/vm.o
                                                  obj/mmruby.o
search_index                                      obj/symbol.o
search_index_dynamic                              obj/symbol.o
search_index_static                               obj/avr_access.o
                                                  obj/symbol.o
str_to_symid                                      obj/symbol.o
                                                  obj/class.o
                                                  obj/vm.o
                                                  obj/value.o
strcat                                            obj/string_mini.o
                                                  obj/c_object.o
strcmp                                            obj/string_mini.o
                                                  obj/symbol.o
                                                  obj/avr_access.o
strcpy                                            obj/string_mini.o
                                                  obj/symbol.o
                                                  obj/c_object.o
strlen                                            obj/string_mini.o
                                                  obj/symbol.o
                                                  obj/c_string.o
                                                  obj/c_object.o
strspn                                            obj/string_mini.o
                                                  obj/c_string.o
symid_to_str                                      obj/symbol.o
                                                  obj/c_object.o
systick                                           obj/ext.o
vector                                            obj/startup1100.o
wait                                              obj/ext.o
